// Jest Snapshot v1, https://goo.gl/fbAQLP

exports[`Snapshot 1`] = `
<div>
  <button
    class="MuiButtonBase-root MuiButton-root MuiButton-outlined makeStyles-root-1"
    tabindex="0"
    type="button"
  >
    <span
      class="MuiButton-label"
    >
      Location
    </span>
    <span
      class="MuiTouchRipple-root"
    />
  </button>
</div>
`;
