// Jest Snapshot v1, https://goo.gl/fbAQLP

exports[`Shows offers posted by a company 1`] = `
<div>
  <div
    class="dashboard"
  >
    <div
      class="offersList"
    >
      
      <a
        class="offerLink"
        href="/offers/travers-javascript-developer"
      >
        <div
          class="main animated fadeIn fast"
        >
          <div
            class="color"
            style="background: rgb(255, 199, 6);"
          />
          <div
            class="img"
          >
            <img
              alt="logo"
              class="logoList"
              src="data:image/png;basI="
            />
          </div>
          <div
            class="card"
          >
            <div
              class="flex fontSize"
            >
              <div>
                <h3>
                  Javascript developer
                </h3>
              </div>
              <div
                class="salary"
              >
                <span>
                  15 000
                </span>
                 - 
                <span>
                  25 000
                </span>
                 
                PLN
              </div>
            </div>
            <div
              class="flex fontIconText"
            >
              <div
                class="businessContainer"
              >
                <svg
                  aria-hidden="true"
                  class="MuiSvgIcon-root MuiSvgIcon-fontSizeInherit"
                  focusable="false"
                  viewBox="0 0 24 24"
                >
                  <path
                    d="M12 7V3H2v18h20V7H12zM6 19H4v-2h2v2zm0-4H4v-2h2v2zm0-4H4V9h2v2zm0-4H4V5h2v2zm4 12H8v-2h2v2zm0-4H8v-2h2v2zm0-4H8V9h2v2zm0-4H8V5h2v2zm10 12h-8v-2h2v-2h-2v-2h2v-2h-2V9h8v10zm-2-8h-2v2h2v-2zm0 4h-2v2h2v-2z"
                  />
                </svg>
                 
                Travers
                 
              </div>
              <div
                class="locationContainer"
              >
                <svg
                  aria-hidden="true"
                  class="MuiSvgIcon-root makeStyles-margin-1 MuiSvgIcon-fontSizeInherit"
                  focusable="false"
                  viewBox="0 0 24 24"
                >
                  <path
                    d="M12 2C8.13 2 5 5.13 5 9c0 4.17 4.42 9.92 6.24 12.11.4.48 1.13.48 1.53 0C14.58 18.92 19 13.17 19 9c0-3.87-3.13-7-7-7zm0 9.5c-1.38 0-2.5-1.12-2.5-2.5s1.12-2.5 2.5-2.5 2.5 1.12 2.5 2.5-1.12 2.5-2.5 2.5z"
                  />
                </svg>
                Sopot
              </div>
            </div>
          </div>
          <div
            class="iconCv"
          >
            <svg
              aria-hidden="true"
              class="MuiSvgIcon-root iconCvSize"
              focusable="false"
              viewBox="0 0 24 24"
            >
              <path
                d="M14 2H6c-1.1 0-1.99.9-1.99 2L4 20c0 1.1.89 2 1.99 2H18c1.1 0 2-.9 2-2V8l-6-6zm2 16H8v-2h8v2zm0-4H8v-2h8v2zm-3-5V3.5L18.5 9H13z"
              />
            </svg>
            <div
              class="dashboardCVContainer"
            >
              0
               CV
            </div>
          </div>
        </div>
      </a>
      <a
        class="offerLink"
        href="/offers/lion-python-developer"
      >
        <div
          class="main animated fadeIn fast"
        >
          <div
            class="color"
            style="background: rgb(31, 94, 182);"
          />
          <div
            class="img"
          >
            <img
              alt="logo"
              class="logoList"
              src="data:image/png;"
            />
          </div>
          <div
            class="card"
          >
            <div
              class="flex fontSize"
            >
              <div>
                <h3>
                  Python Developer
                </h3>
              </div>
              <div
                class="salary"
              >
                <span>
                  3 000
                </span>
                 - 
                <span>
                  10 000
                </span>
                 
                EUR
              </div>
            </div>
            <div
              class="flex fontIconText"
            >
              <div
                class="businessContainer"
              >
                <svg
                  aria-hidden="true"
                  class="MuiSvgIcon-root MuiSvgIcon-fontSizeInherit"
                  focusable="false"
                  viewBox="0 0 24 24"
                >
                  <path
                    d="M12 7V3H2v18h20V7H12zM6 19H4v-2h2v2zm0-4H4v-2h2v2zm0-4H4V9h2v2zm0-4H4V5h2v2zm4 12H8v-2h2v2zm0-4H8v-2h2v2zm0-4H8V9h2v2zm0-4H8V5h2v2zm10 12h-8v-2h2v-2h-2v-2h2v-2h-2V9h8v10zm-2-8h-2v2h2v-2zm0 4h-2v2h2v-2z"
                  />
                </svg>
                 
                Lion
                 
              </div>
              <div
                class="locationContainer"
              >
                <svg
                  aria-hidden="true"
                  class="MuiSvgIcon-root makeStyles-margin-1 MuiSvgIcon-fontSizeInherit"
                  focusable="false"
                  viewBox="0 0 24 24"
                >
                  <path
                    d="M12 2C8.13 2 5 5.13 5 9c0 4.17 4.42 9.92 6.24 12.11.4.48 1.13.48 1.53 0C14.58 18.92 19 13.17 19 9c0-3.87-3.13-7-7-7zm0 9.5c-1.38 0-2.5-1.12-2.5-2.5s1.12-2.5 2.5-2.5 2.5 1.12 2.5 2.5-1.12 2.5-2.5 2.5z"
                  />
                </svg>
                Gda≈Ñsk
              </div>
            </div>
          </div>
          <div
            class="iconCv"
          >
            <svg
              aria-hidden="true"
              class="MuiSvgIcon-root iconCvSize"
              focusable="false"
              viewBox="0 0 24 24"
            >
              <path
                d="M14 2H6c-1.1 0-1.99.9-1.99 2L4 20c0 1.1.89 2 1.99 2H18c1.1 0 2-.9 2-2V8l-6-6zm2 16H8v-2h8v2zm0-4H8v-2h8v2zm-3-5V3.5L18.5 9H13z"
              />
            </svg>
            <div
              class="dashboardCVContainer"
            >
              0
               CV
            </div>
          </div>
        </div>
      </a>
      <a
        class="offerLink"
        href="/offers/fine-c-developer"
      >
        <div
          class="main animated fadeIn fast"
        >
          <div
            class="color"
            style="background: rgb(47, 207, 187);"
          />
          <div
            class="img"
          >
            <img
              alt="logo"
              class="logoList"
              src="data:image/jpeg;base64,"
            />
          </div>
          <div
            class="card"
          >
            <div
              class="flex fontSize"
            >
              <div>
                <h3>
                  C Developer
                </h3>
              </div>
              <div
                class="salary"
              >
                <span>
                  3 000
                </span>
                 - 
                <span>
                  5 500
                </span>
                 
                USD
              </div>
            </div>
            <div
              class="flex fontIconText"
            >
              <div
                class="businessContainer"
              >
                <svg
                  aria-hidden="true"
                  class="MuiSvgIcon-root MuiSvgIcon-fontSizeInherit"
                  focusable="false"
                  viewBox="0 0 24 24"
                >
                  <path
                    d="M12 7V3H2v18h20V7H12zM6 19H4v-2h2v2zm0-4H4v-2h2v2zm0-4H4V9h2v2zm0-4H4V5h2v2zm4 12H8v-2h2v2zm0-4H8v-2h2v2zm0-4H8V9h2v2zm0-4H8V5h2v2zm10 12h-8v-2h2v-2h-2v-2h2v-2h-2V9h8v10zm-2-8h-2v2h2v-2zm0 4h-2v2h2v-2z"
                  />
                </svg>
                 
                Fine
                 
              </div>
              <div
                class="locationContainer"
              >
                <svg
                  aria-hidden="true"
                  class="MuiSvgIcon-root makeStyles-margin-1 MuiSvgIcon-fontSizeInherit"
                  focusable="false"
                  viewBox="0 0 24 24"
                >
                  <path
                    d="M12 2C8.13 2 5 5.13 5 9c0 4.17 4.42 9.92 6.24 12.11.4.48 1.13.48 1.53 0C14.58 18.92 19 13.17 19 9c0-3.87-3.13-7-7-7zm0 9.5c-1.38 0-2.5-1.12-2.5-2.5s1.12-2.5 2.5-2.5 2.5 1.12 2.5 2.5-1.12 2.5-2.5 2.5z"
                  />
                </svg>
                Gdynia
              </div>
            </div>
          </div>
          <div
            class="iconCv"
          >
            <svg
              aria-hidden="true"
              class="MuiSvgIcon-root iconCvSize"
              focusable="false"
              viewBox="0 0 24 24"
            >
              <path
                d="M14 2H6c-1.1 0-1.99.9-1.99 2L4 20c0 1.1.89 2 1.99 2H18c1.1 0 2-.9 2-2V8l-6-6zm2 16H8v-2h8v2zm0-4H8v-2h8v2zm-3-5V3.5L18.5 9H13z"
              />
            </svg>
            <div
              class="dashboardCVContainer"
            >
              0
               CV
            </div>
          </div>
        </div>
      </a>
    </div>
  </div>
</div>
`;
