// Jest Snapshot v1, https://goo.gl/fbAQLP

exports[`Snapshot 1`] = `
<div>
  <div
    class="row"
  >
    <div
      class="column"
    >
      <h1>
        Get started for free
      </h1>
      <div
        class="center"
      >
        <div
          class="socials"
        >
          <div
            class="padding"
          >
            <button
              class="MuiButtonBase-root MuiButton-root MuiButton-contained makeStyles-root-11 MuiButton-containedSizeSmall MuiButton-sizeSmall"
              tabindex="0"
              type="button"
            >
              <span
                class="MuiButton-label"
              >
                <img
                  alt="logo"
                  class="socialImg"
                  src="googleLogo.png"
                />
                Register with Google 
              </span>
              <span
                class="MuiTouchRipple-root"
              />
            </button>
          </div>
          <div
            class="padding"
          >
            <button
              class="MuiButtonBase-root MuiButton-root MuiButton-contained makeStyles-root-11 MuiButton-containedSizeSmall MuiButton-sizeSmall"
              tabindex="0"
              type="button"
            >
              <span
                class="MuiButton-label"
              >
                <img
                  alt="logo"
                  class="socialImg"
                  src="gitLogo.png"
                />
                Register with Github 
              </span>
              <span
                class="MuiTouchRipple-root"
              />
            </button>
          </div>
        </div>
        <div
          class="socials"
        >
          <div
            class="padding"
          >
            <button
              class="MuiButtonBase-root MuiButton-root MuiButton-contained makeStyles-root-11 MuiButton-containedSizeSmall MuiButton-sizeSmall"
              tabindex="0"
              type="button"
            >
              <span
                class="MuiButton-label"
              >
                <img
                  alt="logo"
                  class="socialImg"
                  src="linkedinLogo.png"
                />
                Register with LinkedIn 
              </span>
              <span
                class="MuiTouchRipple-root"
              />
            </button>
          </div>
          <div
            class="padding"
          >
            <button
              class="MuiButtonBase-root MuiButton-root MuiButton-contained makeStyles-root-11 MuiButton-containedSizeSmall MuiButton-sizeSmall"
              tabindex="0"
              type="button"
            >
              <span
                class="MuiButton-label"
              >
                <img
                  alt="logo"
                  class="socialImg"
                  src="facebookLogo.png"
                />
                Register with Facebook 
              </span>
              <span
                class="MuiTouchRipple-root"
              />
            </button>
          </div>
        </div>
      </div>
      <div
        class="row"
      >
        <hr
          class="double"
        />
        <span
          class="spanWeight"
        >
          Or
        </span>
        <hr
          class="double"
        />
      </div>
      <form>
        <div
          class="inputWidth"
        >
          <div
            class="rowIcon"
          >
            <svg
              aria-hidden="true"
              class="MuiSvgIcon-root"
              focusable="false"
              viewBox="0 0 24 24"
            >
              <path
                d="M12 6c1.1 0 2 .9 2 2s-.9 2-2 2-2-.9-2-2 .9-2 2-2m0 10c2.7 0 5.8 1.29 6 2H6c.23-.72 3.31-2 6-2m0-12C9.79 4 8 5.79 8 8s1.79 4 4 4 4-1.79 4-4-1.79-4-4-4zm0 10c-2.67 0-8 1.34-8 4v2h16v-2c0-2.66-5.33-4-8-4z"
              />
            </svg>
            <div
              class="MuiFormControl-root MuiTextField-root makeStyles-margin-13 makeStyles-textField-14"
            >
              <label
                class="MuiFormLabel-root MuiInputLabel-root MuiInputLabel-formControl MuiInputLabel-animated MuiInputLabel-outlined"
                data-shrink="false"
                for="outlined-required"
                id="outlined-required-label"
              >
                Email
              </label>
              <div
                class="MuiInputBase-root MuiOutlinedInput-root MuiInputBase-formControl"
              >
                <input
                  aria-invalid="false"
                  class="MuiInputBase-input MuiOutlinedInput-input"
                  id="outlined-required"
                  type="text"
                  value=""
                />
                <fieldset
                  aria-hidden="true"
                  class="PrivateNotchedOutline-root-15 MuiOutlinedInput-notchedOutline"
                >
                  <legend
                    class="PrivateNotchedOutline-legendLabelled-17"
                  >
                    <span>
                      Email
                    </span>
                  </legend>
                </fieldset>
              </div>
            </div>
          </div>
          <div
            class="rowIcon"
          >
            <svg
              aria-hidden="true"
              class="MuiSvgIcon-root"
              focusable="false"
              viewBox="0 0 24 24"
            >
              <path
                d="M18 8h-1V6c0-2.76-2.24-5-5-5S7 3.24 7 6v2H6c-1.1 0-2 .9-2 2v10c0 1.1.9 2 2 2h12c1.1 0 2-.9 2-2V10c0-1.1-.9-2-2-2zM9 6c0-1.66 1.34-3 3-3s3 1.34 3 3v2H9V6zm9 14H6V10h12v10zm-6-3c1.1 0 2-.9 2-2s-.9-2-2-2-2 .9-2 2 .9 2 2 2z"
              />
            </svg>
            <div
              class="MuiFormControl-root MuiTextField-root makeStyles-margin-13 makeStyles-textField-14"
            >
              <label
                class="MuiFormLabel-root MuiInputLabel-root MuiInputLabel-formControl MuiInputLabel-animated MuiInputLabel-outlined"
                data-shrink="false"
                for="outlined-adornment-password"
                id="outlined-adornment-password-label"
              >
                Password
              </label>
              <div
                class="MuiInputBase-root MuiOutlinedInput-root MuiInputBase-formControl MuiInputBase-adornedEnd MuiOutlinedInput-adornedEnd"
              >
                <input
                  aria-invalid="false"
                  class="MuiInputBase-input MuiOutlinedInput-input MuiInputBase-inputAdornedEnd MuiOutlinedInput-inputAdornedEnd"
                  id="outlined-adornment-password"
                  type="password"
                  value=""
                />
                <div
                  class="MuiInputAdornment-root MuiInputAdornment-positionEnd"
                >
                  <button
                    aria-label="toggle visibility"
                    class="MuiButtonBase-root MuiIconButton-root MuiIconButton-edgeEnd"
                    tabindex="0"
                    type="button"
                  >
                    <span
                      class="MuiIconButton-label"
                    >
                      <svg
                        aria-hidden="true"
                        class="MuiSvgIcon-root"
                        focusable="false"
                        viewBox="0 0 24 24"
                      >
                        <path
                          d="M12 7c2.76 0 5 2.24 5 5 0 .65-.13 1.26-.36 1.83l2.92 2.92c1.51-1.26 2.7-2.89 3.43-4.75-1.73-4.39-6-7.5-11-7.5-1.4 0-2.74.25-3.98.7l2.16 2.16C10.74 7.13 11.35 7 12 7zM2 4.27l2.28 2.28.46.46C3.08 8.3 1.78 10.02 1 12c1.73 4.39 6 7.5 11 7.5 1.55 0 3.03-.3 4.38-.84l.42.42L19.73 22 21 20.73 3.27 3 2 4.27zM7.53 9.8l1.55 1.55c-.05.21-.08.43-.08.65 0 1.66 1.34 3 3 3 .22 0 .44-.03.65-.08l1.55 1.55c-.67.33-1.41.53-2.2.53-2.76 0-5-2.24-5-5 0-.79.2-1.53.53-2.2zm4.31-.78l3.15 3.15.02-.16c0-1.66-1.34-3-3-3l-.17.01z"
                        />
                      </svg>
                    </span>
                    <span
                      class="MuiTouchRipple-root"
                    />
                  </button>
                </div>
                <fieldset
                  aria-hidden="true"
                  class="PrivateNotchedOutline-root-15 MuiOutlinedInput-notchedOutline"
                >
                  <legend
                    class="PrivateNotchedOutline-legendLabelled-17"
                  >
                    <span>
                      Password
                    </span>
                  </legend>
                </fieldset>
              </div>
            </div>
          </div>
        </div>
        
        <div
          class="bottomSign"
        >
          <button
            class="MuiButtonBase-root MuiButton-root MuiButton-contained btn MuiButton-containedSecondary"
            tabindex="0"
            type="submit"
          >
            <span
              class="MuiButton-label"
            >
              Register
            </span>
            <span
              class="MuiTouchRipple-root"
            />
          </button>
          <span>
            Already have an account?
            <a
              class="register"
              href="/devs"
            >
               Sign In
            </a>
          </span>
          <hr
            class="one"
          />
          <span>
            <a
              class="register"
              href="www.google.com"
            >
              Forgot Password?
            </a>
          </span>
        </div>
      </form>
    </div>
  </div>
</div>
`;
