// Jest Snapshot v1, https://goo.gl/fbAQLP

exports[`<Tab /> snapshot 1`] = `
<div>
  <a
    class="linkStyle"
    href="/test"
  >
    <button
      class="MuiButtonBase-root MuiButton-root MuiButton-text tab makeStyles-root-1 activeTab"
      tabindex="0"
      type="button"
    >
      <span
        class="MuiButton-label"
      >
        <span
          class="MuiButton-startIcon MuiButton-iconSizeMedium"
        >
          img
        </span>
        test text
      </span>
      <span
        class="MuiTouchRipple-root"
      />
    </button>
  </a>
</div>
`;
